[yuvrajsharma07.github.io/index.html]
[backblue.gif]
[fade.gif]
[index.html]
[cdnjs.cloudflare.com/ajax/libs/fullPage.js/3.0.5/fullpage.min.css]
[maxcdn.bootstrapcdn.com/bootstrap/4.0.0/css/bootstrap.min.css]
[use.fontawesome.com/releases/v5.4.1/css/all.css]
[yuvrajsharma07.github.io/Web_Development_Folder/templates/Libraries/ripple_effect_v0.3/ripple_effect_v0.3/ripple_effect.min.css]
[yuvrajsharma07.github.io/lib/index.css]
[yuvrajsharma07.github.io/Web_Development_Folder/templates/animate.css]
[yuvrajsharma07.github.io/lib/yuvraj.jpg]
[yuvrajsharma07.github.io/hackathon/index.html]
[yuvrajsharma07.github.io/sbv13.1/index.html]
[yuvrajsharma07.github.io/pinectrl/index.html]
[yuvrajsharma07.github.io/tis3/index.html]
[ajax.googleapis.com/ajax/libs/jquery/3.1.1/jquery.min.js]
[yuvrajsharma07.github.io/tis2/index.html]
[cdnjs.cloudflare.com/ajax/libs/fullPage.js/3.0.5/vendors/scrolloverflow.min.js]
[cdnjs.cloudflare.com/ajax/libs/fullPage.js/3.0.5/fullpage.min.js]
[cdnjs.cloudflare.com/ajax/libs/popper.js/1.12.9/umd/popper.min.js]
[maxcdn.bootstrapcdn.com/bootstrap/4.0.0/js/bootstrap.min.js]
[yuvrajsharma07.github.io/Web_Development_Folder/templates/Libraries/ripple_effect_v0.3/ripple_effect_v0.3/ripple_effect.min.js]
[yuvrajsharma07.github.io/lib/index.js]
[yuvrajsharma07.github.io/index.html]
[cdnjs.cloudflare.com/ajax/libs/fullPage.js/3.0.5/fullpage.min.css]
[maxcdn.bootstrapcdn.com/bootstrap/4.0.0/css/bootstrap.min.css]
[use.fontawesome.com/releases/v5.4.1/css/all.css]
[yuvrajsharma07.github.io/Web_Development_Folder/templates/Libraries/ripple_effect_v0.3/ripple_effect_v0.3/ripple_effect.min.css]
[yuvrajsharma07.github.io/lib/index.css]
[yuvrajsharma07.github.io/Web_Development_Folder/templates/animate.css]
[use.fontawesome.com/releases/v5.4.1/js/all.js]
[maxcdn.bootstrapcdn.com/bootstrap/3.3.7/css/bootstrap.min.css]
[yuvrajsharma07.github.io/hackathon/ripple_effect_v0.3/ripple_effect_v0.3/ripple_effect.min.css]
[cdnjs.cloudflare.com/ajax/libs/font-awesome/4.7.0/css/font-awesome.min.css]
[yuvrajsharma07.github.io/hackathon/index.css]
[yuvrajsharma07.github.io/hackathon/index-2.html]
[yuvrajsharma07.github.io/hackathon/login.html]
[yuvrajsharma07.github.io/hackathon/tablealt.html]
[yuvrajsharma07.github.io/hackathon/settings.html]
[yuvrajsharma07.github.io/hackathon/logout.html]
[code.jquery.com/jquery-3.1.1.slim.min.js]
[cdnjs.cloudflare.com/ajax/libs/tether/1.4.0/js/tether.min.js]
[yuvrajsharma07.github.io/hackathon/ripple_effect_v0.3/ripple_effect_v0.3/ripple_effect.min.js]
[yuvrajsharma07.github.io/hackathon/index.js]
[yuvrajsharma07.github.io/hackathon/index.html]
[yuvrajsharma07.github.io/sbv13.1/ripple_effect.min.css]
[yuvrajsharma07.github.io/sbv13.1/index.css]
[yuvrajsharma07.github.io/sbv13.1/icon.png]
[yuvrajsharma07.github.io/sbv13.1/phone2.png]
[yuvrajsharma07.github.io/sbv13.1/ripple_effect.min.js]
[yuvrajsharma07.github.io/sbv13.1/index.js]
[yuvrajsharma07.github.io/sbv13.1/index.html]
[yuvrajsharma07.github.io/pinectrl/lib/index.css]
[yuvrajsharma07.github.io/pinectrl/lib/ripple_effect.min.css]
[yuvrajsharma07.github.io/pinectrl/lib/logo.jpg]
[yuvrajsharma07.github.io/pinectrl/hex_1.png]
[yuvrajsharma07.github.io/pinectrl/pine-ctrl.zip]
[yuvrajsharma07.github.io/pinectrl/lib/ripple_effect.min.js]
[yuvrajsharma07.github.io/pinectrl/lib/index.js]
[yuvrajsharma07.github.io/pinectrl/index.html]
[yuvrajsharma07.github.io/tis3/font-awesome-4.6.3/css/font-awesome.min.css]
[yuvrajsharma07.github.io/tis3/index.css]
[yuvrajsharma07.github.io/tis3/lib/favicon.ico]
[yuvrajsharma07.github.io/tis3/lib/iphone-xs-max-tilt.png]
[yuvrajsharma07.github.io/tis3/lib/iphone_Xs.png]
[yuvrajsharma07.github.io/tis3/lib/face-id.png]
[yuvrajsharma07.github.io/tis3/lib/a12_bionic.jpg]
[yuvrajsharma07.github.io/tis3/lib/xs camera trans.png]
[yuvrajsharma07.github.io/tis3/lib/xs.png]
[yuvrajsharma07.github.io/tis3/lib/xs max.png]
[yuvrajsharma07.github.io/tis3/lib/pic3.png]
[yuvrajsharma07.github.io/tis3/jquery-3.1.1.min.js]
[yuvrajsharma07.github.io/tis3/index.js]
[yuvrajsharma07.github.io/tis3/index.html]
[www.w3schools.com/lib/w3.css]
[maxcdn.bootstrapcdn.com/bootstrap/4.0.0-alpha.6/css/bootstrap.min.css]
[yuvrajsharma07.github.io/tis2/index.css]
[yuvrajsharma07.github.io/tis2/lib/logo.jpg]
[yuvrajsharma07.github.io/tis2/index-2.html]
[yuvrajsharma07.github.io/tis2/lib/drishti written.jpg]
[yuvrajsharma07.github.io/tis2/ebooks.html]
[yuvrajsharma07.github.io/tis2/helpline.html]
[yuvrajsharma07.github.io/tis2/games.html]
[yuvrajsharma07.github.io/tis2/visit.html]
[yuvrajsharma07.github.io/tis2/about.html]
[yuvrajsharma07.github.io/tis2/contact.html]
[yuvrajsharma07.github.io/tis2/lib/slideshow/pic1.jpg]
[yuvrajsharma07.github.io/tis2/lib/slideshow/pic2.jpg]
[yuvrajsharma07.github.io/tis2/lib/slideshow/pic3.jpg]
[yuvrajsharma07.github.io/tis2/lib/slideshow/pic4.jpg]
[yuvrajsharma07.github.io/tis2/index.html]
[yuvrajsharma07.github.io/tis2/index.js]
[maxcdn.bootstrapcdn.com/bootstrap/3.3.7/css/bootstrap.min.css]
[yuvrajsharma07.github.io/hackathon/ripple_effect_v0.3/ripple_effect_v0.3/ripple_effect.min.css]
[cdnjs.cloudflare.com/ajax/libs/font-awesome/4.7.0/css/font-awesome.min.css]
[yuvrajsharma07.github.io/hackathon/index.css]
[yuvrajsharma07.github.io/hackathon/index-2.html]
[yuvrajsharma07.github.io/hackathon/res/manifest.json]
[yuvrajsharma07.github.io/hackathon/res/safari-pinned-tab.svg]
[yuvrajsharma07.github.io/hackathon/login.css]
[yuvrajsharma07.github.io/hackathon/login.html]
[yuvrajsharma07.github.io/hackathon/tablealt.html]
[yuvrajsharma07.github.io/hackathon/settings.html]
[yuvrajsharma07.github.io/hackathon/logout.html]
[code.jquery.com/jquery-3.2.1.min.js]
[yuvrajsharma07.github.io/sbv13.1/ripple_effect.min.css]
[maxcdn.bootstrapcdn.com/bootstrap/3.3.7/js/bootstrap.min.js]
[yuvrajsharma07.github.io/sbv13.1/pixel.jpg]
[yuvrajsharma07.github.io/sbv13.1/index.css]
[yuvrajsharma07.github.io/pinectrl/lib/banner.jpg]
[yuvrajsharma07.github.io/pinectrl/lib/background.jpg]
[yuvrajsharma07.github.io/pinectrl/lib/light.jpg]
[yuvrajsharma07.github.io/pinectrl/lib/index.css]
[yuvrajsharma07.github.io/pinectrl/lib/ripple_effect.min.css]
[yuvrajsharma07.github.io/tis3/font-awesome-4.6.3/fonts/fontawesome-webfont5b62.eot]
[yuvrajsharma07.github.io/tis3/font-awesome-4.6.3/fonts/fontawesome-webfontd41d.eot]
[yuvrajsharma07.github.io/tis3/font-awesome-4.6.3/fonts/fontawesome-webfont5b62.woff2]
[yuvrajsharma07.github.io/tis3/font-awesome-4.6.3/fonts/fontawesome-webfont5b62.woff]
[yuvrajsharma07.github.io/tis3/font-awesome-4.6.3/fonts/fontawesome-webfont5b62.ttf]
[yuvrajsharma07.github.io/tis3/font-awesome-4.6.3/css/font-awesome.min.css]
[yuvrajsharma07.github.io/tis3/font-awesome-4.6.3/fonts/fontawesome-webfont5b62.svg]
[yuvrajsharma07.github.io/tis3/lib/iphone.jpg]
[yuvrajsharma07.github.io/tis3/lib/pic2.jpg]
[yuvrajsharma07.github.io/tis3/lib/pic1.jpg]
[yuvrajsharma07.github.io/tis3/lib/pic4.jpg]
[yuvrajsharma07.github.io/tis3/index.css]
[www.w3schools.com/lib/w3.css]
[maxcdn.bootstrapcdn.com/bootstrap/4.0.0-alpha.6/css/bootstrap.min.css]
[yuvrajsharma07.github.io/tis2/index.css]
[yuvrajsharma07.github.io/tis2/index-2.html]
[yuvrajsharma07.github.io/tis2/ebooks.html]
[yuvrajsharma07.github.io/tis2/helpline.html]
[yuvrajsharma07.github.io/tis2/games.html]
[yuvrajsharma07.github.io/tis2/visit.html]
[yuvrajsharma07.github.io/tis2/lib/graph1.png]
[yuvrajsharma07.github.io/tis2/lib/graph2.png]
[yuvrajsharma07.github.io/tis2/about.html]
[yuvrajsharma07.github.io/tis2/contact.html]
[yuvrajsharma07.github.io/hackathon/res/manifest.html]
[yuvrajsharma07.github.io/hackathon/res/safari-pinned-tab.html]
[yuvrajsharma07.github.io/hackathon/login.css]
[yuvrajsharma07.github.io/tis3/font-awesome-4.6.3/fonts/fontawesome-webfont5b62.svg]
[maxcdn.bootstrapcdn.com/bootstrap/4.0.0-alpha.6/js/bootstrap.min.js]
